// Jest Snapshot v1, https://goo.gl/fbAQLP

exports[`App renders 1`] = `
<React.Fragment>
  <ImagePicker
    onFileSelect={[Function]}
  />
  <Stage
    image={null}
  />
</React.Fragment>
`;
